// Vitest Snapshot v1

exports[`should transform ts code 1`] = `
"
function fn1() {
try {
/* \\"/index.ts/fn1\\" */

  return 1

} finally {
  /* \\"/index.ts/fn1\\" */
}
}
const obj = {
  fn1() {
try {
/* \\"/index.ts/obj/fn1\\" */

    return 2
  
} finally {
  /* \\"/index.ts/obj/fn1\\" */
}
},
  fn2: () => 3,
  fn3: () => { return 4 },
  fn4: () =>
    {
      return 4 },
}
class A {
  method() {
try {
/* \\"/index.ts/method\\" */

    return 5
  
} finally {
  /* \\"/index.ts/method\\" */
}
}
}
const fn5 = () => { return 6 }
  


"
`;
