// Vitest Snapshot v1

exports[`should analyze vue code as string 1`] = `
[
  {
    "from": "/cmp.vue",
    "relationType": "import",
    "to": "./utils/util",
    "type": "relationship",
  },
  {
    "entityType": "file",
    "filePath": "/cmp.vue",
    "id": "/cmp.vue",
    "type": "entity",
  },
  {
    "end": 36,
    "entityType": "import_declaration",
    "filePath": "<unknow>",
    "id": "./utils/util",
    "kind": "ImportDeclaration",
    "lineEnd": 2,
    "lineStart": 2,
    "start": 1,
    "type": "entity",
  },
  {
    "from": "/cmp.vue",
    "relationType": "import",
    "to": "vue",
    "type": "relationship",
  },
  {
    "end": 235,
    "entityType": "import_declaration",
    "filePath": "<unknow>",
    "id": "vue",
    "kind": "ImportDeclaration",
    "lineEnd": 12,
    "lineStart": 12,
    "start": 110,
    "type": "entity",
  },
  {
    "code": " {
  return (_openBlock(), _createElementBlock(\\"div\\", null, _toDisplayString(_ctx.val), 1 /* TEXT */))
}",
    "end": 377,
    "entityType": "function",
    "filePath": "/cmp.vue",
    "id": "/cmp.vue/render",
    "kind": "FunctionDeclaration",
    "lineEnd": 16,
    "lineStart": 14,
    "logStart": 274,
    "start": 237,
    "type": "entity",
    "typeString": "typeof import(\\"/cmp.vue\\").render",
  },
  {
    "end": 179,
    "entityType": "variable",
    "filePath": "<unknown>",
    "id": "/cmp.vue/openBlock",
    "kind": "ImportSpecifier",
    "lineEnd": 12,
    "lineStart": 12,
    "start": 156,
    "type": "entity",
  },
  {
    "end": 222,
    "entityType": "variable",
    "filePath": "<unknown>",
    "id": "/cmp.vue/createElementBlock",
    "kind": "ImportSpecifier",
    "lineEnd": 12,
    "lineStart": 12,
    "start": 181,
    "type": "entity",
  },
  {
    "end": 154,
    "entityType": "variable",
    "filePath": "<unknown>",
    "id": "/cmp.vue/toDisplayString",
    "kind": "ImportSpecifier",
    "lineEnd": 12,
    "lineStart": 12,
    "start": 119,
    "type": "entity",
  },
  {
    "from": "/cmp.vue/render",
    "relationType": "use",
    "to": "/cmp.vue/openBlock",
    "type": "relationship",
  },
  {
    "from": "/cmp.vue/render",
    "relationType": "use",
    "to": "/cmp.vue/createElementBlock",
    "type": "relationship",
  },
  {
    "from": "/cmp.vue/render",
    "relationType": "use",
    "to": "/cmp.vue/toDisplayString",
    "type": "relationship",
  },
  {
    "code": " {
    return {
      val: fn1(1)
    }
  }",
    "end": 106,
    "entityType": "function",
    "filePath": "/cmp.vue",
    "id": "/cmp.vue/data",
    "kind": "MethodDeclaration",
    "lineEnd": 9,
    "lineStart": 5,
    "logStart": 64,
    "start": 57,
    "type": "entity",
    "typeString": "() => { val: any; }",
  },
  {
    "end": 13,
    "entityType": "variable",
    "filePath": "<unknown>",
    "id": "/cmp.vue/fn1",
    "kind": "ImportSpecifier",
    "lineEnd": 2,
    "lineStart": 2,
    "start": 10,
    "type": "entity",
  },
  {
    "from": "/cmp.vue/data",
    "relationType": "use",
    "to": "/cmp.vue/fn1",
    "type": "relationship",
  },
  {
    "from": "/cmp.vue",
    "relationType": "parent",
    "to": "/cmp.vue/render",
    "type": "relationship",
  },
  {
    "from": "/cmp.vue",
    "relationType": "parent",
    "to": "/cmp.vue/data",
    "type": "relationship",
  },
]
`;
